<testsuites id="" name="" tests="4" failures="0" skipped="0" errors="0" time="3.1411759999999997">
<testsuite name=".features-gen/ui/features/user-management.feature.spec.js" timestamp="2025-10-01T15:15:51.148Z" hostname="ui-tests" tests="2" failures="0" skipped="0" time="4.654" errors="0">
<testcase name="User Management › Visit homepage" classname=".features-gen/ui/features/user-management.feature.spec.js" time="2.341">
<properties>
<property name="__bddData" value="{&quot;uri&quot;:&quot;features/user-management.feature&quot;,&quot;pickleLocation&quot;:&quot;20:3&quot;,&quot;steps&quot;:[{&quot;pwStepLocation&quot;:&quot;20:11&quot;,&quot;stepMatchArgumentsLists&quot;:[{&quot;stepMatchArguments&quot;:[]}]},{&quot;pwStepLocation&quot;:&quot;21:11&quot;,&quot;stepMatchArgumentsLists&quot;:[{&quot;stepMatchArguments&quot;:[{&quot;group&quot;:{&quot;start&quot;:17,&quot;value&quot;:&quot;\&quot;Get started\&quot;&quot;,&quot;children&quot;:[{&quot;start&quot;:18,&quot;value&quot;:&quot;Get started&quot;,&quot;children&quot;:[{&quot;children&quot;:[]}]},{&quot;children&quot;:[{&quot;children&quot;:[]}]}]},&quot;parameterTypeName&quot;:&quot;string&quot;}]}]}]}">
</property>
</properties>
</testcase>
<testcase name="User Management › Display main navigation elements" classname=".features-gen/ui/features/user-management.feature.spec.js" time="2.313">
<properties>
<property name="__bddData" value="{&quot;uri&quot;:&quot;features/user-management.feature&quot;,&quot;pickleLocation&quot;:&quot;25:3&quot;,&quot;steps&quot;:[{&quot;pwStepLocation&quot;:&quot;25:11&quot;,&quot;stepMatchArgumentsLists&quot;:[{&quot;stepMatchArguments&quot;:[]}]},{&quot;pwStepLocation&quot;:&quot;26:11&quot;,&quot;stepMatchArgumentsLists&quot;:[{&quot;stepMatchArguments&quot;:[{&quot;group&quot;:{&quot;start&quot;:17,&quot;value&quot;:&quot;\&quot;Get started\&quot;&quot;,&quot;children&quot;:[{&quot;start&quot;:18,&quot;value&quot;:&quot;Get started&quot;,&quot;children&quot;:[{&quot;children&quot;:[]}]},{&quot;children&quot;:[{&quot;children&quot;:[]}]}]},&quot;parameterTypeName&quot;:&quot;string&quot;}]}]},{&quot;pwStepLocation&quot;:&quot;27:11&quot;,&quot;stepMatchArgumentsLists&quot;:[{&quot;stepMatchArguments&quot;:[{&quot;group&quot;:{&quot;start&quot;:17,&quot;value&quot;:&quot;\&quot;Docs\&quot;&quot;,&quot;children&quot;:[{&quot;start&quot;:18,&quot;value&quot;:&quot;Docs&quot;,&quot;children&quot;:[{&quot;children&quot;:[]}]},{&quot;children&quot;:[{&quot;children&quot;:[]}]}]},&quot;parameterTypeName&quot;:&quot;string&quot;}]}]}]}">
</property>
</properties>
</testcase>
</testsuite>
<testsuite name=".features-gen/api/features/user-management.feature.spec.js" timestamp="2025-10-01T15:15:51.148Z" hostname="api-tests" tests="2" failures="0" skipped="0" time="2.867" errors="0">
<testcase name="User Management › Get user list via API" classname=".features-gen/api/features/user-management.feature.spec.js" time="0.876">
<properties>
<property name="__bddData" value="{&quot;uri&quot;:&quot;features/user-management.feature&quot;,&quot;pickleLocation&quot;:&quot;7:3&quot;,&quot;steps&quot;:[{&quot;pwStepLocation&quot;:&quot;7:11&quot;,&quot;stepMatchArgumentsLists&quot;:[{&quot;stepMatchArguments&quot;:[{&quot;group&quot;:{&quot;start&quot;:24,&quot;value&quot;:&quot;\&quot;/users\&quot;&quot;,&quot;children&quot;:[{&quot;start&quot;:25,&quot;value&quot;:&quot;/users&quot;,&quot;children&quot;:[{&quot;children&quot;:[]}]},{&quot;children&quot;:[{&quot;children&quot;:[]}]}]},&quot;parameterTypeName&quot;:&quot;string&quot;}]}]},{&quot;pwStepLocation&quot;:&quot;8:11&quot;,&quot;stepMatchArgumentsLists&quot;:[{&quot;stepMatchArguments&quot;:[{&quot;group&quot;:{&quot;start&quot;:30,&quot;value&quot;:&quot;200&quot;,&quot;children&quot;:[]},&quot;parameterTypeName&quot;:&quot;int&quot;}]}]},{&quot;pwStepLocation&quot;:&quot;9:11&quot;,&quot;stepMatchArgumentsLists&quot;:[{&quot;stepMatchArguments&quot;:[]}]}]}">
</property>
</properties>
</testcase>
<testcase name="User Management › Create user via API" classname=".features-gen/api/features/user-management.feature.spec.js" time="1.991">
<properties>
<property name="__bddData" value="{&quot;uri&quot;:&quot;features/user-management.feature&quot;,&quot;pickleLocation&quot;:&quot;13:3&quot;,&quot;steps&quot;:[{&quot;pwStepLocation&quot;:&quot;13:11&quot;,&quot;stepMatchArgumentsLists&quot;:[{&quot;stepMatchArguments&quot;:[{&quot;group&quot;:{&quot;start&quot;:29,&quot;value&quot;:&quot;\&quot;test@example.com\&quot;&quot;,&quot;children&quot;:[{&quot;start&quot;:30,&quot;value&quot;:&quot;test@example.com&quot;,&quot;children&quot;:[{&quot;children&quot;:[]}]},{&quot;children&quot;:[{&quot;children&quot;:[]}]}]},&quot;parameterTypeName&quot;:&quot;string&quot;}]}]},{&quot;pwStepLocation&quot;:&quot;14:11&quot;,&quot;stepMatchArgumentsLists&quot;:[{&quot;stepMatchArguments&quot;:[{&quot;group&quot;:{&quot;start&quot;:25,&quot;value&quot;:&quot;\&quot;/users\&quot;&quot;,&quot;children&quot;:[{&quot;start&quot;:26,&quot;value&quot;:&quot;/users&quot;,&quot;children&quot;:[{&quot;children&quot;:[]}]},{&quot;children&quot;:[{&quot;children&quot;:[]}]}]},&quot;parameterTypeName&quot;:&quot;string&quot;}]}]},{&quot;pwStepLocation&quot;:&quot;15:11&quot;,&quot;stepMatchArgumentsLists&quot;:[{&quot;stepMatchArguments&quot;:[{&quot;group&quot;:{&quot;start&quot;:30,&quot;value&quot;:&quot;201&quot;,&quot;children&quot;:[]},&quot;parameterTypeName&quot;:&quot;int&quot;}]}]},{&quot;pwStepLocation&quot;:&quot;16:11&quot;,&quot;stepMatchArgumentsLists&quot;:[{&quot;stepMatchArguments&quot;:[]}]}]}">
</property>
</properties>
</testcase>
</testsuite>
</testsuites>